d:\phd\work5\surface_framework\surfacemeshprocessing\x64\release\main.obj
d:\phd\work5\surface_framework\surfacemeshprocessing\x64\release\mainviewerwidget.obj
d:\phd\work5\surface_framework\surfacemeshprocessing\x64\release\bd_tree.obj
d:\phd\work5\surface_framework\surfacemeshprocessing\x64\release\meshviewerwidget.obj
d:\phd\work5\surface_framework\surfacemeshprocessing\x64\release\kd_search.obj
d:\phd\work5\surface_framework\surfacemeshprocessing\x64\release\bd_search.obj
d:\phd\work5\surface_framework\surfacemeshprocessing\x64\release\kd_dump.obj
d:\phd\work5\surface_framework\surfacemeshprocessing\x64\release\bd_pr_search.obj
d:\phd\work5\surface_framework\surfacemeshprocessing\x64\release\meshparamdialog.obj
d:\phd\work5\surface_framework\surfacemeshprocessing\x64\release\kd_tree.obj
d:\phd\work5\surface_framework\surfacemeshprocessing\x64\release\kd_pr_search.obj
d:\phd\work5\surface_framework\surfacemeshprocessing\x64\release\surfacemeshprocessing.obj
d:\phd\work5\surface_framework\surfacemeshprocessing\x64\release\kd_util.obj
d:\phd\work5\surface_framework\surfacemeshprocessing\x64\release\seammesh.obj
d:\phd\work5\surface_framework\surfacemeshprocessing\x64\release\dijkstra_path.obj
d:\phd\work5\surface_framework\surfacemeshprocessing\x64\release\kd_fix_rad_search.obj
d:\phd\work5\surface_framework\surfacemeshprocessing\x64\release\meshdefinition.obj
d:\phd\work5\surface_framework\surfacemeshprocessing\x64\release\perf.obj
d:\phd\work5\surface_framework\surfacemeshprocessing\x64\release\cutmesh.obj
d:\phd\work5\surface_framework\surfacemeshprocessing\x64\release\ann.obj
d:\phd\work5\surface_framework\surfacemeshprocessing\x64\release\bd_fix_rad_search.obj
d:\phd\work5\surface_framework\surfacemeshprocessing\x64\release\kd_split.obj
d:\phd\work5\surface_framework\surfacemeshprocessing\x64\release\interactiveviewerwidget.obj
d:\phd\work5\surface_framework\surfacemeshprocessing\x64\release\brute.obj
d:\phd\work5\surface_framework\surfacemeshprocessing\x64\release\qglviewerwidget.obj
d:\phd\work5\surface_framework\surfacemeshprocessing\x64\release\cgal_geodesic_path.obj
d:\phd\work5\surface_framework\surfacemeshprocessing\x64\release\vc143.pdb
d:\phd\work5\surface_framework\surfacemeshprocessing\x64\release\qrc_surfacemeshprocessing.obj
d:\phd\work5\surface_framework\surfacemeshprocessing\x64\release\moc_surfacemeshprocessing.obj
d:\phd\work5\surface_framework\surfacemeshprocessing\x64\release\moc_mainviewerwidget.obj
d:\phd\work5\surface_framework\surfacemeshprocessing\x64\release\moc_interactiveviewerwidget.obj
d:\phd\work5\surface_framework\surfacemeshprocessing\x64\release\moc_meshparamdialog.obj
d:\phd\work5\surface_framework\surfacemeshprocessing\x64\release\moc_qglviewerwidget.obj
d:\phd\work5\surface_framework\surfacemeshprocessing\x64\release\moc_meshviewerwidget.obj
d:\phd\work5\surface_framework\x64\release\surface_mesh.exe
d:\phd\work5\surface_framework\x64\release\surface_mesh.pdb
d:\phd\work5\surface_framework\surfacemeshprocessing\.\generatedfiles\release\moc_interactiveviewerwidget.cpp
d:\phd\work5\surface_framework\surfacemeshprocessing\.\generatedfiles\qrc_surfacemeshprocessing.cpp
d:\phd\work5\surface_framework\surfacemeshprocessing\generatedfiles\qrc_surfacemeshprocessing.cpp
d:\phd\work5\surface_framework\surfacemeshprocessing\generatedfiles\release\moc_surfacemeshprocessing.cpp
d:\phd\work5\surface_framework\surfacemeshprocessing\generatedfiles\release\moc_qglviewerwidget.cpp
d:\phd\work5\surface_framework\surfacemeshprocessing\generatedfiles\release\moc_meshviewerwidget.cpp
d:\phd\work5\surface_framework\surfacemeshprocessing\generatedfiles\release\moc_interactiveviewerwidget.cpp
d:\phd\work5\surface_framework\surfacemeshprocessing\generatedfiles\release\moc_meshparamdialog.cpp
d:\phd\work5\surface_framework\surfacemeshprocessing\generatedfiles\release\moc_mainviewerwidget.cpp
d:\phd\work5\surface_framework\x64\release\surface_mesh.ilk
d:\phd\work5\surface_framework\surfacemeshprocessing\x64\release\segmesh.obj
d:\phd\work5\surface_framework\surfacemeshprocessing\x64\release\vc142.pdb
d:\phd\work5\surface_framework\surfacemeshprocessing\x64\release\surface_mesh.tlog\cl.command.1.tlog
d:\phd\work5\surface_framework\surfacemeshprocessing\x64\release\surface_mesh.tlog\cl.items.tlog
d:\phd\work5\surface_framework\surfacemeshprocessing\x64\release\surface_mesh.tlog\cl.read.1.tlog
d:\phd\work5\surface_framework\surfacemeshprocessing\x64\release\surface_mesh.tlog\cl.write.1.tlog
d:\phd\work5\surface_framework\surfacemeshprocessing\x64\release\surface_mesh.tlog\link.command.1.tlog
d:\phd\work5\surface_framework\surfacemeshprocessing\x64\release\surface_mesh.tlog\link.read.1.tlog
d:\phd\work5\surface_framework\surfacemeshprocessing\x64\release\surface_mesh.tlog\link.secondary.1.tlog
d:\phd\work5\surface_framework\surfacemeshprocessing\x64\release\surface_mesh.tlog\link.write.1.tlog
d:\phd\work5\surface_framework\surfacemeshprocessing\x64\release\surface_mesh.tlog\moc.read.1u.tlog
d:\phd\work5\surface_framework\surfacemeshprocessing\x64\release\surface_mesh.tlog\moc.write.1u.tlog
d:\phd\work5\surface_framework\surfacemeshprocessing\x64\release\surface_mesh.tlog\rcc.read.1u.tlog
d:\phd\work5\surface_framework\surfacemeshprocessing\x64\release\surface_mesh.tlog\rcc.write.1u.tlog
d:\phd\work5\surface_framework\surfacemeshprocessing\x64\release\surface_mesh.tlog\surface_mesh.write.1u.tlog
